0
1
10
1
20
1
30
1
40
1
50
0
60
0
70
0
80
0
90
0
10
